subtract ok
